---
source: crates/minipg-parser/tests/parser_tests.rs
expression: grammar
---
name: Calculator
grammar_type: Parser
options: {}
rules:
  - name: expr
    rule_type: Parser
    alternatives:
      - elements:
          - RuleRef:
              name: term
              label: ~
        label: ~
    is_fragment: false
  - name: term
    rule_type: Parser
    alternatives:
      - elements:
          - RuleRef:
              name: NUMBER
              label: ~
        label: ~
    is_fragment: false
  - name: NUMBER
    rule_type: Lexer
    alternatives:
      - elements:
          - OneOrMore:
              element:
                RuleRef:
                  name: DIGIT
                  label: ~
        label: ~
    is_fragment: false
  - name: DIGIT
    rule_type: Lexer
    alternatives:
      - elements:
          - StringLiteral:
              value: "0"
              label: ~
        label: ~
      - elements:
          - StringLiteral:
              value: "1"
              label: ~
        label: ~
      - elements:
          - StringLiteral:
              value: "2"
              label: ~
        label: ~
      - elements:
          - StringLiteral:
              value: "3"
              label: ~
        label: ~
      - elements:
          - StringLiteral:
              value: "4"
              label: ~
        label: ~
      - elements:
          - StringLiteral:
              value: "5"
              label: ~
        label: ~
      - elements:
          - StringLiteral:
              value: "6"
              label: ~
        label: ~
      - elements:
          - StringLiteral:
              value: "7"
              label: ~
        label: ~
      - elements:
          - StringLiteral:
              value: "8"
              label: ~
        label: ~
      - elements:
          - StringLiteral:
              value: "9"
              label: ~
        label: ~
    is_fragment: false
imports: []
